// Jest Snapshot v1, https://goo.gl/fbAQLP

exports[`ForecastSummaries snapshot renders correctlty 1`] = `
<DocumentFragment>
  <div
    class="forecast-summaries"
  >
    <div
      class="forecast-summary"
      data-testid="forecast-summary"
    >
      <p
        class="forecast-summary__dateOrTime"
      >
        today
      </p>
      <div
        class="forecast-summary__icon"
        data-testid="forecast-icon"
      >
        <i
          class="wi wi-day-sunny"
          name="owm"
        />
      </div>
      <p
        class="forecast-summary__description"
      >
        Test description 1
      </p>
      <p
        class="forecast-summary__temp"
      >
        20°C
      </p>
      <button
        type="button"
      >
        More Details
      </button>
    </div>
    <div
      class="forecast-summary"
      data-testid="forecast-summary"
    >
      <p
        class="forecast-summary__dateOrTime"
      >
        tomorrow
      </p>
      <div
        class="forecast-summary__icon"
        data-testid="forecast-icon"
      >
        <i
          class="wi wi-tornado"
          name="owm"
        />
      </div>
      <p
        class="forecast-summary__description"
      >
        Test description 2
      </p>
      <p
        class="forecast-summary__temp"
      >
        25°C
      </p>
      <button
        type="button"
      >
        More Details
      </button>
    </div>
  </div>
</DocumentFragment>
`;
