// Jest Snapshot v1, https://goo.gl/fbAQLP

exports[`ForecastTrihourlySummaries snapshot 1`] = `
<DocumentFragment>
  <div
    class="forecast-trihourly-summaries"
  >
    <div
      class="forecast-trihourly-summary"
      data-testid="forecast-trihourly-summary"
    >
      <p
        class="forecast-trihourly-summary__time"
      >
        00:00
      </p>
      <p
        class="forecast-trihourly-summary__no-data"
      >
        No 
        <br />
        Data
      </p>
    </div>
    <div
      class="forecast-trihourly-summary"
      data-testid="forecast-trihourly-summary"
    >
      <p
        class="forecast-trihourly-summary__time"
      >
        03:00
      </p>
      <p
        class="forecast-trihourly-summary__no-data"
      >
        No 
        <br />
        Data
      </p>
    </div>
    <div
      class="forecast-trihourly-summary"
      data-testid="forecast-trihourly-summary"
    >
      <p
        class="forecast-trihourly-summary__time"
      >
        06:00
      </p>
      <p
        class="forecast-trihourly-summary__no-data"
      >
        No 
        <br />
        Data
      </p>
    </div>
    <div
      class="forecast-trihourly-summary"
      data-testid="forecast-trihourly-summary"
    >
      <p
        class="forecast-trihourly-summary__time"
      >
        09:00
      </p>
      <p
        class="forecast-trihourly-summary__no-data"
      >
        No 
        <br />
        Data
      </p>
    </div>
    <div
      class="forecast-trihourly-summary"
      data-testid="forecast-trihourly-summary"
    >
      <p
        class="forecast-trihourly-summary__time"
      >
        12:00
      </p>
      <p
        class="forecast-trihourly-summary__no-data"
      >
        No 
        <br />
        Data
      </p>
    </div>
    <div
      class="forecast-trihourly-summary"
      data-testid="forecast-trihourly-summary"
    >
      <p
        class="forecast-trihourly-summary__time"
      >
        15:00
      </p>
      <div
        class="forecast-trihourly-summary__icon"
        data-testid="forecast-icon"
      >
        <i
          class="wi wi-day-storm-showers"
          name="owm"
        />
      </div>
      <div
        class="forecast-trihourly-summary__description"
      >
        <p>
          really 
          <br />
          cold
        </p>
      </div>
      <p
        class="forecast-trihourly-summary__temp"
      >
        12.0K
      </p>
    </div>
    <div
      class="forecast-trihourly-summary"
      data-testid="forecast-trihourly-summary"
    >
      <p
        class="forecast-trihourly-summary__time"
      >
        18:00
      </p>
      <div
        class="forecast-trihourly-summary__icon"
        data-testid="forecast-icon"
      >
        <i
          class="wi wi-day-rain"
          name="owm"
        />
      </div>
      <div
        class="forecast-trihourly-summary__description"
      >
        <p>
          less 
          <br />
          cold
        </p>
      </div>
      <p
        class="forecast-trihourly-summary__temp"
      >
        22.0K
      </p>
    </div>
    <div
      class="forecast-trihourly-summary"
      data-testid="forecast-trihourly-summary"
    >
      <p
        class="forecast-trihourly-summary__time"
      >
        21:00
      </p>
      <p
        class="forecast-trihourly-summary__no-data"
      >
        No 
        <br />
        Data
      </p>
    </div>
  </div>
</DocumentFragment>
`;
