// Jest Snapshot v1, https://goo.gl/fbAQLP

exports[`ForecastTrihourlySummaries snapshot renders correctlty 1`] = `
<DocumentFragment>
  <div
    class="forecast-trihourly-summaries"
  >
    <div
      class="forecast-trihourly-summary"
      data-testid="forecast-trihourly-summary"
    >
      <p
        class="forecast-trihourly-summary__time"
      >
        00:00
      </p>
      <p
        class="forecast-trihourly-summary__no-data"
      >
        No 
        <br />
        Data
      </p>
    </div>
    <div
      class="forecast-trihourly-summary"
      data-testid="forecast-trihourly-summary"
    >
      <p
        class="forecast-trihourly-summary__time"
      >
        03:00
      </p>
      <p
        class="forecast-trihourly-summary__no-data"
      >
        No 
        <br />
        Data
      </p>
    </div>
    <div
      class="forecast-trihourly-summary"
      data-testid="forecast-trihourly-summary"
    >
      <p
        class="forecast-trihourly-summary__time"
      >
        06:00
      </p>
      <p
        class="forecast-trihourly-summary__no-data"
      >
        No 
        <br />
        Data
      </p>
    </div>
    <div
      class="forecast-trihourly-summary"
      data-testid="forecast-trihourly-summary"
    >
      <p
        class="forecast-trihourly-summary__time"
      >
        09:00
      </p>
      <p
        class="forecast-trihourly-summary__no-data"
      >
        No 
        <br />
        Data
      </p>
    </div>
    <div
      class="forecast-trihourly-summary"
      data-testid="forecast-trihourly-summary"
    >
      <p
        class="forecast-trihourly-summary__time"
      >
        12:00
      </p>
      <p
        class="forecast-trihourly-summary__no-data"
      >
        No 
        <br />
        Data
      </p>
    </div>
    <div
      class="forecast-trihourly-summary"
      data-testid="forecast-trihourly-summary"
    >
      <p
        class="forecast-trihourly-summary__time"
      >
        15:00
      </p>
      <p
        class="forecast-trihourly-summary__no-data"
      >
        No 
        <br />
        Data
      </p>
    </div>
    <div
      class="forecast-trihourly-summary"
      data-testid="forecast-trihourly-summary"
    >
      <p
        class="forecast-trihourly-summary__time"
      >
        18:00
      </p>
      <p
        class="forecast-trihourly-summary__no-data"
      >
        No 
        <br />
        Data
      </p>
    </div>
    <div
      class="forecast-trihourly-summary"
      data-testid="forecast-trihourly-summary"
    >
      <p
        class="forecast-trihourly-summary__time"
      >
        21:00
      </p>
      <p
        class="forecast-trihourly-summary__no-data"
      >
        No 
        <br />
        Data
      </p>
    </div>
  </div>
</DocumentFragment>
`;
