// Jest Snapshot v1, https://goo.gl/fbAQLP

exports[`ForecastMoreDetails snapshot 1`] = `
<DocumentFragment>
  <div
    class="forecast-details"
  >
    <h3>
      Thu Nov 03 2022
    </h3>
    <div
      class="forecast-breakdown"
    >
      <div
        class="forecast-breakdown__right"
      >
        <div
          class="forecast-breakdown__icon"
          data-testid="forecast-icon"
        >
          <i
            class="wi wi-day-storm-showers"
            name="owm"
          />
        </div>
        <p
          class="forecast-breakdown__weather"
        >
          light rain
        </p>
      </div>
      <div
        class="forecast-breakdown__left"
      >
        <p
          class="forecast-breakdown__temp"
        >
          30.0K
        </p>
        <div
          class="forecast-breakdown__min-temp"
        >
          <h4>
            Min: 
          </h4>
          <p>
            27.0K
          </p>
        </div>
        <div
          class="forecast-breakdown__max-temp"
        >
          <h4>
            Max: 
          </h4>
          <p>
            32.0K
          </p>
        </div>
        <div
          class="forecast-breakdown__humidity"
        >
          <h4>
            Humidity: 
          </h4>
          <p>
            NaN%
          </p>
        </div>
        <div
          class="forecast-breakdown__wind-speed"
        >
          <h4>
            Wind Speed: 
          </h4>
          <p>
            95.0m/s
          </p>
        </div>
      </div>
    </div>
    <div
      class="forecast-trihourly-summaries"
    >
      <div
        class="forecast-trihourly-summary"
        data-testid="forecast-trihourly-summary"
      >
        <p
          class="forecast-trihourly-summary__time"
        >
          00:00
        </p>
        <p
          class="forecast-trihourly-summary__no-data"
        >
          No 
          <br />
          Data
        </p>
      </div>
      <div
        class="forecast-trihourly-summary"
        data-testid="forecast-trihourly-summary"
      >
        <p
          class="forecast-trihourly-summary__time"
        >
          03:00
        </p>
        <p
          class="forecast-trihourly-summary__no-data"
        >
          No 
          <br />
          Data
        </p>
      </div>
      <div
        class="forecast-trihourly-summary"
        data-testid="forecast-trihourly-summary"
      >
        <p
          class="forecast-trihourly-summary__time"
        >
          06:00
        </p>
        <p
          class="forecast-trihourly-summary__no-data"
        >
          No 
          <br />
          Data
        </p>
      </div>
      <div
        class="forecast-trihourly-summary"
        data-testid="forecast-trihourly-summary"
      >
        <p
          class="forecast-trihourly-summary__time"
        >
          09:00
        </p>
        <p
          class="forecast-trihourly-summary__no-data"
        >
          No 
          <br />
          Data
        </p>
      </div>
      <div
        class="forecast-trihourly-summary"
        data-testid="forecast-trihourly-summary"
      >
        <p
          class="forecast-trihourly-summary__time"
        >
          12:00
        </p>
        <div
          class="forecast-trihourly-summary__icon"
          data-testid="forecast-icon"
        >
          <i
            class="wi wi-day-rain"
            name="owm"
          />
        </div>
        <div
          class="forecast-trihourly-summary__description"
        >
          <p>
            broken 
            <br />
            clouds
          </p>
        </div>
        <p
          class="forecast-trihourly-summary__temp"
        >
          35.0K
        </p>
      </div>
      <div
        class="forecast-trihourly-summary"
        data-testid="forecast-trihourly-summary"
      >
        <p
          class="forecast-trihourly-summary__time"
        >
          15:00
        </p>
        <div
          class="forecast-trihourly-summary__icon"
          data-testid="forecast-icon"
        >
          <i
            class="wi wi-day-storm-showers"
            name="owm"
          />
        </div>
        <div
          class="forecast-trihourly-summary__description"
        >
          <p>
            light 
            <br />
            rain
          </p>
        </div>
        <p
          class="forecast-trihourly-summary__temp"
        >
          25.0K
        </p>
      </div>
      <div
        class="forecast-trihourly-summary"
        data-testid="forecast-trihourly-summary"
      >
        <p
          class="forecast-trihourly-summary__time"
        >
          18:00
        </p>
        <p
          class="forecast-trihourly-summary__no-data"
        >
          No 
          <br />
          Data
        </p>
      </div>
      <div
        class="forecast-trihourly-summary"
        data-testid="forecast-trihourly-summary"
      >
        <p
          class="forecast-trihourly-summary__time"
        >
          21:00
        </p>
        <p
          class="forecast-trihourly-summary__no-data"
        >
          No 
          <br />
          Data
        </p>
      </div>
    </div>
  </div>
</DocumentFragment>
`;
