// Jest Snapshot v1, https://goo.gl/fbAQLP

exports[`ForecastDailySummary snapshot renders corretly 1`] = `
<DocumentFragment>
  <div
    class="forecast-daily-summary"
    data-testid="forecast-daily-summary"
  >
    <p
      class="forecast-daily-summary__date"
    >
      Thu 
      <br />
       Jan 01
    </p>
    <div
      class="forecast-daily-summary__icon"
      data-testid="forecast-icon"
    >
      <i
        class="wi wi-day-sunny"
        name="owm"
      />
       
    </div>
    <p
      class="forecast-daily-summary__description"
    >
      cold
    </p>
    <p
      class="forecast-daily-summary__temp"
    >
      20K
    </p>
    <button
      class="forecast-daily-summary__more-details"
      type="button"
    >
      More Details
    </button>
  </div>
</DocumentFragment>
`;
