// Jest Snapshot v1, https://goo.gl/fbAQLP

exports[`ForecastBreakdown snapshot renders correctly 1`] = `
<DocumentFragment>
  <div
    class="forecast-breakdown"
  >
    <div
      class="forecast-breakdown__right"
    >
      <div
        class="forecast-breakdown__icon"
        data-testid="forecast-icon"
      >
        <i
          class="wi wi-day-storm-showers"
          name="owm"
        />
      </div>
      <p
        class="forecast-breakdown__weather"
      >
        cold
      </p>
    </div>
    <div
      class="forecast-breakdown__left"
    >
      <p
        class="forecast-breakdown__temp"
      >
        20
        <span>
          °C
        </span>
      </p>
      <p
        class="forecast-breakdown__min-temp"
      >
        <span>
          Min: 
        </span>
        18°C
      </p>
      <p
        class="forecast-breakdown__max-temp"
      >
        <span>
          Max: 
        </span>
        22°C
      </p>
      <p
        class="forecast-breakdown__humidity"
      >
        <span>
          Humidity: 
        </span>
        30%
      </p>
      <p
        class="forecast-breakdown__wind-speed"
      >
        <span>
          Wind Speed: 
        </span>
        40m/s
      </p>
    </div>
  </div>
</DocumentFragment>
`;
