// Jest Snapshot v1, https://goo.gl/fbAQLP

exports[`ForecastMoreDetails snapshot renders correctly 1`] = `
<DocumentFragment>
  <div
    class="forecast-details"
  >
    <h3 />
    <div
      class="forecast-breakdown"
    >
      <div
        class="forecast-breakdown__right"
      >
        <div
          class="forecast-breakdown__icon"
          data-testid="forecast-icon"
        >
          <i
            class="wi wi-day-storm-showers"
            name="owm"
          />
        </div>
        <p
          class="forecast-breakdown__weather"
        >
          very cold
        </p>
      </div>
      <div
        class="forecast-breakdown__left"
      >
        <p
          class="forecast-breakdown__temp"
        >
          15.0
          <span>
            K
          </span>
        </p>
        <p
          class="forecast-breakdown__min-temp"
        >
          <span>
            Min: 
          </span>
          9.0K
        </p>
        <p
          class="forecast-breakdown__max-temp"
        >
          <span>
            Max: 
          </span>
          21.0K
        </p>
        <p
          class="forecast-breakdown__humidity"
        >
          <span>
            Humidity: 
          </span>
          NaN%
        </p>
        <p
          class="forecast-breakdown__wind-speed"
        >
          <span>
            Wind Speed: 
          </span>
          46.0m/s
        </p>
      </div>
    </div>
    <div
      class="forecast-trihourly-summaries"
    >
      <div
        class="forecast-trihourly-summary"
        data-testid="forecast-trihourly-summary"
      >
        <p
          class="forecast-trihourly-summary__time"
        >
          00:00
        </p>
        <p
          class="forecast-trihourly-summary__no-data"
        >
          No 
          <br />
          Data
        </p>
      </div>
      <div
        class="forecast-trihourly-summary"
        data-testid="forecast-trihourly-summary"
      >
        <p
          class="forecast-trihourly-summary__time"
        >
          03:00
        </p>
        <p
          class="forecast-trihourly-summary__no-data"
        >
          No 
          <br />
          Data
        </p>
      </div>
      <div
        class="forecast-trihourly-summary"
        data-testid="forecast-trihourly-summary"
      >
        <p
          class="forecast-trihourly-summary__time"
        >
          06:00
        </p>
        <p
          class="forecast-trihourly-summary__no-data"
        >
          No 
          <br />
          Data
        </p>
      </div>
      <div
        class="forecast-trihourly-summary"
        data-testid="forecast-trihourly-summary"
      >
        <p
          class="forecast-trihourly-summary__time"
        >
          09:00
        </p>
        <p
          class="forecast-trihourly-summary__no-data"
        >
          No 
          <br />
          Data
        </p>
      </div>
      <div
        class="forecast-trihourly-summary"
        data-testid="forecast-trihourly-summary"
      >
        <p
          class="forecast-trihourly-summary__time"
        >
          12:00
        </p>
        <p
          class="forecast-trihourly-summary__no-data"
        >
          No 
          <br />
          Data
        </p>
      </div>
      <div
        class="forecast-trihourly-summary"
        data-testid="forecast-trihourly-summary"
      >
        <p
          class="forecast-trihourly-summary__time"
        >
          15:00
        </p>
        <p
          class="forecast-trihourly-summary__no-data"
        >
          No 
          <br />
          Data
        </p>
      </div>
      <div
        class="forecast-trihourly-summary"
        data-testid="forecast-trihourly-summary"
      >
        <p
          class="forecast-trihourly-summary__time"
        >
          18:00
        </p>
        <p
          class="forecast-trihourly-summary__no-data"
        >
          No 
          <br />
          Data
        </p>
      </div>
      <div
        class="forecast-trihourly-summary"
        data-testid="forecast-trihourly-summary"
      >
        <p
          class="forecast-trihourly-summary__time"
        >
          21:00
        </p>
        <p
          class="forecast-trihourly-summary__no-data"
        >
          No 
          <br />
          Data
        </p>
      </div>
    </div>
  </div>
</DocumentFragment>
`;
